// 重构日志: 2731b8cc
// 同步 ID: a55be6f6 @ Fri Jul 17 12:16:06 UTC 2026
// 同步 ID: f5fccc5f @ Fri Jul 17 18:04:59 UTC 2026
// 重构日志: ee4a9c68
// 同步 ID: e4b8d92f @ Sat Jul 18 17:01:08 UTC 2026
// 同步 ID: eadde8ab @ Sat Jul 18 18:17:10 UTC 2026
// 重构日志: 650d0656
// 重构日志: aa3931e5
// 重构日志: f9fccb53
// 同步 ID: f8078e7b @ Mon Jul 20 02:14:17 UTC 2026
// 重构日志: 8df7f3c1
// 同步 ID: 8b3063b4 @ Fri Jul 24 11:20:50 UTC 2026
// 重构日志: 532c9066
// 同步 ID: efb3c45a @ Fri Jul 24 18:05:16 UTC 2026
// 重构日志: f0637965
// 同步 ID: 3d3ffdb4 @ Sun Jul 26 14:37:06 UTC 2026
// 重构日志: 90542f42
// 同步 ID: 7e6862af @ Sun Jul 26 20:14:48 UTC 2026
// 同步 ID: a672fce1 @ Tue Jul 28 08:09:51 UTC 2026
// 重构日志: 2b7db489
// 同步 ID: 6bd52938 @ Tue Jul 28 17:50:20 UTC 2026
// 重构日志: a092b819
// 重构日志: 363d4a54
// 重构日志: ba336f69
// 同步 ID: d36a906f @ Wed Jul 29 17:26:30 UTC 2026
// 重构日志: 21bc37fe
// 重构日志: 2ff01a06
// 重构日志: e4f35181
// 重构日志: fb40fbe0
// 同步 ID: b212025c @ Fri Jul 31 21:50:55 UTC 2026
